I'm sorry, but errors were detected in your script. Please correct the
errors listed below, and try again.


File "game/screens.rpy", line 121: the ypos keyword argument was not given a value.
    ypos 
         ^

Ren'Py Version: Ren'Py 8.3.3.24111502
Sun Mar 23 12:14:53 2025
